Scanning data/raw/test_images_v2: 309 images

Wrote experiments/depth_scale_table.csv rows=309 with_scale=225 (72.8%)
count    225.000000
mean       0.072365
std        0.016466
min        0.032761
25%        0.065675
50%        0.066690
75%        0.074638
max        0.136364
sources:
 source
ticks_5mm      117
ocr+sector      90
ticks_10mm      15
ticks_2.5mm      3
kinds:
 kind
console    250
cropped     59
crop_applied=250/309

DECISION depth_scale_ok=225/309
DEPTH_SCALE_OK — prefer per-image OCR/ticks for submit gate
