DL_Track apo=data/external/dl_track/v0.3.1/models_v0.3.0/model-apo-VGG16_DiceBCE_512_300.h5
DL_Track fasc=data/external/dl_track/v0.3.1/models_v0.3.0/model-fasc-VGG16_DiceBCE_200_512.h5
WARNING: All log messages before absl::InitializeLog() is called are written to STDERR
I0000 00:00:1788935201.048409   48655 cpu_feature_guard.cc:227] This TensorFlow binary is optimized to use available CPU instructions in performance-critical operations.
To enable the following instructions: AVX2 FMA, in other operations, rebuild TensorFlow with the appropriate compiler flags.
I0000 00:00:1788935204.196923   48655 gpu_device.cc:2043] Created device /job:localhost/replica:0/task:0/device:GPU:0 with 14784 MB memory:  -> device: 0, name: Tesla T4, pci bus id: 0001:00:00.0, compute capability: 7.5
I0000 00:00:1788935204.198690   48655 gpu_device.cc:2043] Created device /job:localhost/replica:0/task:0/device:GPU:1 with 3768 MB memory:  -> device: 1, name: Tesla T4, pci bus id: 0002:00:00.0, compute capability: 7.5
I0000 00:00:1788935204.200473   48655 gpu_device.cc:2043] Created device /job:localhost/replica:0/task:0/device:GPU:2 with 3768 MB memory:  -> device: 2, name: Tesla T4, pci bus id: 0003:00:00.0, compute capability: 7.5
I0000 00:00:1788935204.202277   48655 gpu_device.cc:2043] Created device /job:localhost/replica:0/task:0/device:GPU:3 with 3768 MB memory:  -> device: 3, name: Tesla T4, pci bus id: 0004:00:00.0, compute capability: 7.5
Loaded DL_Track from data/external/dl_track
Thresholds apo=0.350 fasc=0.100
Usable metadata scale keys: 0
Depth-scale table keys: 414
[ WARN:0@9.198] global grfmt_tiff.cpp:123 TIFF_Warning TIFFReadDirectory: Unknown field with tag 50838 (0xc696) encountered
[ WARN:0@9.198] global grfmt_tiff.cpp:123 TIFF_Warning TIFFReadDirectory: Unknown field with tag 50839 (0xc697) encountered
[ WARN:0@9.199] global grfmt_tiff.cpp:123 TIFF_Warning TIFFReadDirectory: Unknown field with tag 50838 (0xc696) encountered
[ WARN:0@9.199] global grfmt_tiff.cpp:123 TIFF_Warning TIFFReadDirectory: Unknown field with tag 50839 (0xc697) encountered
[ WARN:0@9.200] global grfmt_tiff.cpp:123 TIFF_Warning TIFFReadDirectory: Unknown field with tag 50838 (0xc696) encountered
[ WARN:0@9.200] global grfmt_tiff.cpp:123 TIFF_Warning TIFFReadDirectory: Unknown field with tag 50839 (0xc697) encountered
[ WARN:0@9.201] global grfmt_tiff.cpp:123 TIFF_Warning TIFFReadDirectory: Unknown field with tag 50838 (0xc696) encountered
[ WARN:0@9.201] global grfmt_tiff.cpp:123 TIFF_Warning TIFFReadDirectory: Unknown field with tag 50839 (0xc697) encountered
[ WARN:0@9.204] global grfmt_tiff.cpp:123 TIFF_Warning TIFFReadDirectory: Unknown field with tag 50838 (0xc696) encountered
[ WARN:0@9.204] global grfmt_tiff.cpp:123 TIFF_Warning TIFFReadDirectory: Unknown field with tag 50839 (0xc697) encountered
[ WARN:0@9.205] global grfmt_tiff.cpp:123 TIFF_Warning TIFFReadDirectory: Unknown field with tag 50838 (0xc696) encountered
[ WARN:0@9.205] global grfmt_tiff.cpp:123 TIFF_Warning TIFFReadDirectory: Unknown field with tag 50839 (0xc697) encountered
[ WARN:0@9.207] global grfmt_tiff.cpp:123 TIFF_Warning TIFFReadDirectory: Unknown field with tag 50838 (0xc696) encountered
[ WARN:0@9.207] global grfmt_tiff.cpp:123 TIFF_Warning TIFFReadDirectory: Unknown field with tag 50839 (0xc697) encountered
[ WARN:0@9.208] global grfmt_tiff.cpp:123 TIFF_Warning TIFFReadDirectory: Unknown field with tag 50838 (0xc696) encountered
[ WARN:0@9.208] global grfmt_tiff.cpp:123 TIFF_Warning TIFFReadDirectory: Unknown field with tag 50839 (0xc697) encountered
[ WARN:0@9.211] global grfmt_tiff.cpp:123 TIFF_Warning TIFFReadDirectory: Unknown field with tag 50838 (0xc696) encountered
[ WARN:0@9.211] global grfmt_tiff.cpp:123 TIFF_Warning TIFFReadDirectory: Unknown field with tag 50839 (0xc697) encountered
[ WARN:0@9.214] global grfmt_tiff.cpp:123 TIFF_Warning TIFFReadDirectory: Unknown field with tag 50838 (0xc696) encountered
[ WARN:0@9.214] global grfmt_tiff.cpp:123 TIFF_Warning TIFFReadDirectory: Unknown field with tag 50839 (0xc697) encountered
[ WARN:0@9.216] global grfmt_tiff.cpp:123 TIFF_Warning TIFFReadDirectory: Unknown field with tag 50838 (0xc696) encountered
[ WARN:0@9.216] global grfmt_tiff.cpp:123 TIFF_Warning TIFFReadDirectory: Unknown field with tag 50839 (0xc697) encountered
[ WARN:0@9.218] global grfmt_tiff.cpp:123 TIFF_Warning TIFFReadDirectory: Unknown field with tag 50838 (0xc696) encountered
[ WARN:0@9.218] global grfmt_tiff.cpp:123 TIFF_Warning TIFFReadDirectory: Unknown field with tag 50839 (0xc697) encountered
[ WARN:0@9.219] global grfmt_tiff.cpp:123 TIFF_Warning TIFFReadDirectory: Unknown field with tag 50838 (0xc696) encountered
[ WARN:0@9.219] global grfmt_tiff.cpp:123 TIFF_Warning TIFFReadDirectory: Unknown field with tag 50839 (0xc697) encountered
[ WARN:0@9.220] global grfmt_tiff.cpp:123 TIFF_Warning TIFFReadDirectory: Unknown field with tag 50838 (0xc696) encountered
[ WARN:0@9.220] global grfmt_tiff.cpp:123 TIFF_Warning TIFFReadDirectory: Unknown field with tag 50839 (0xc697) encountered
[ WARN:0@9.224] global grfmt_tiff.cpp:123 TIFF_Warning TIFFReadDirectory: Unknown field with tag 50838 (0xc696) encountered
[ WARN:0@9.224] global grfmt_tiff.cpp:123 TIFF_Warning TIFFReadDirectory: Unknown field with tag 50839 (0xc697) encountered
[ WARN:0@9.225] global grfmt_tiff.cpp:123 TIFF_Warning TIFFReadDirectory: Unknown field with tag 50838 (0xc696) encountered
[ WARN:0@9.225] global grfmt_tiff.cpp:123 TIFF_Warning TIFFReadDirectory: Unknown field with tag 50839 (0xc697) encountered
[ WARN:0@9.227] global grfmt_tiff.cpp:123 TIFF_Warning TIFFReadDirectory: Unknown field with tag 50838 (0xc696) encountered
[ WARN:0@9.227] global grfmt_tiff.cpp:123 TIFF_Warning TIFFReadDirectory: Unknown field with tag 50839 (0xc697) encountered
[ WARN:0@9.228] global grfmt_tiff.cpp:123 TIFF_Warning TIFFReadDirectory: Unknown field with tag 50838 (0xc696) encountered
[ WARN:0@9.228] global grfmt_tiff.cpp:123 TIFF_Warning TIFFReadDirectory: Unknown field with tag 50839 (0xc697) encountered
[ WARN:0@9.232] global grfmt_tiff.cpp:123 TIFF_Warning TIFFReadDirectory: Unknown field with tag 50838 (0xc696) encountered
[ WARN:0@9.232] global grfmt_tiff.cpp:123 TIFF_Warning TIFFReadDirectory: Unknown field with tag 50839 (0xc697) encountered
[ WARN:0@9.234] global grfmt_tiff.cpp:123 TIFF_Warning TIFFReadDirectory: Unknown field with tag 50838 (0xc696) encountered
[ WARN:0@9.234] global grfmt_tiff.cpp:123 TIFF_Warning TIFFReadDirectory: Unknown field with tag 50839 (0xc697) encountered
[ WARN:0@9.236] global grfmt_tiff.cpp:123 TIFF_Warning TIFFReadDirectory: Unknown field with tag 50838 (0xc696) encountered
[ WARN:0@9.236] global grfmt_tiff.cpp:123 TIFF_Warning TIFFReadDirectory: Unknown field with tag 50839 (0xc697) encountered
[ WARN:0@9.237] global grfmt_tiff.cpp:123 TIFF_Warning TIFFReadDirectory: Unknown field with tag 50838 (0xc696) encountered
[ WARN:0@9.237] global grfmt_tiff.cpp:123 TIFF_Warning TIFFReadDirectory: Unknown field with tag 50839 (0xc697) encountered
[ WARN:0@9.239] global grfmt_tiff.cpp:123 TIFF_Warning TIFFReadDirectory: Unknown field with tag 50838 (0xc696) encountered
[ WARN:0@9.239] global grfmt_tiff.cpp:123 TIFF_Warning TIFFReadDirectory: Unknown field with tag 50839 (0xc697) encountered
[ WARN:0@9.241] global grfmt_tiff.cpp:123 TIFF_Warning TIFFReadDirectory: Unknown field with tag 50838 (0xc696) encountered
[ WARN:0@9.241] global grfmt_tiff.cpp:123 TIFF_Warning TIFFReadDirectory: Unknown field with tag 50839 (0xc697) encountered
[ WARN:0@9.242] global grfmt_tiff.cpp:123 TIFF_Warning TIFFReadDirectory: Unknown field with tag 50838 (0xc696) encountered
[ WARN:0@9.242] global grfmt_tiff.cpp:123 TIFF_Warning TIFFReadDirectory: Unknown field with tag 50839 (0xc697) encountered
OSF shape cache warmed: 6 shapes
Loaded scale detector experiments/checkpoints_scale/scale_detector_native.pt
I0000 00:00:1788935208.901692   48990 cuda_dnn.cc:461] Loaded cuDNN version 92501
OCR/tick scales after live+group: 618 keys (live=204, crop_applied=0)
OSF shape lookup entries: 1
GT IMG_00001.tif (wider_hL_dark): pa=17.334 fl=79.423 mt=21.778 | pred pa=6.20 fl_px=1114.8 mt_px=235.0
GT IMG_00002.tif (wider_hL_dark): pa=12.876 fl=69.424 mt=15.478 | pred pa=9.09 fl_px=1406.2 mt_px=274.6
Scale assignment: {'n_meta': 0, 'n_ocr': 309, 'n_cluster': 0, 'n_prefix': 0, 'n_shape': 0, 'n_primary': 0, 'primary_mt': 0.07452122140872364, 'primary_fl': 0.06030716369942282, 'clusters': ['wider_hL_dark']}
Residual models skipped (off or missing)
Sample residual gains disabled (n_ocr=309)
Temporal PA-only EMA over 18 groups (OCR scales preserved)
Wrote submissions/submission_dltrack_g0d.csv (309 rows)
           pa_deg       fl_mm       mt_mm
count  309.000000  309.000000  309.000000
mean    13.585046   84.033287   19.249648
std      3.145998   25.561199    4.789448
min      6.341130   25.000000    6.000000
25%     11.817708   67.730921   17.511004
50%     13.102946   87.229032   20.000000
75%     14.590696  101.044273   20.819066
max     38.809141  140.000000   39.317160
geom_stats fasc_comp=19833 hough=10 radon=308 pa_apo=308 pa_nan=1 fl_x=305 fl_trig=199 fl_nan=3 mt_ok=245 mt_nan=64
clip hits pa_deg: low=0 high=0
clip hits fl_mm: low=7 high=9
clip hits mt_mm: low=3 high=0
Wrote debug submissions/submission_dltrack_g0d_debug.csv
GATE_B IMG_00001.tif: PA_err=9.18 FL_err=2.89 MT_err=4.43
GATE_B IMG_00002.tif: PA_err=3.17 FL_err=22.93 MT_err=2.55
