DL_Track apo=data/external/dl_track/v0.3.1/models_v0.3.0/model-apo-VGG16_DiceBCE_512_300.h5
DL_Track fasc=data/external/dl_track/v0.3.1/models_v0.3.0/model-fasc-VGG16_DiceBCE_200_512.h5
WARNING: All log messages before absl::InitializeLog() is called are written to STDERR
I0000 00:00:1788934436.207025    2485 cpu_feature_guard.cc:227] This TensorFlow binary is optimized to use available CPU instructions in performance-critical operations.
To enable the following instructions: AVX2 FMA, in other operations, rebuild TensorFlow with the appropriate compiler flags.
I0000 00:00:1788934448.471223    2485 gpu_device.cc:2043] Created device /job:localhost/replica:0/task:0/device:GPU:0 with 14784 MB memory:  -> device: 0, name: Tesla T4, pci bus id: 0001:00:00.0, compute capability: 7.5
I0000 00:00:1788934448.473704    2485 gpu_device.cc:2043] Created device /job:localhost/replica:0/task:0/device:GPU:1 with 14784 MB memory:  -> device: 1, name: Tesla T4, pci bus id: 0002:00:00.0, compute capability: 7.5
I0000 00:00:1788934448.476030    2485 gpu_device.cc:2043] Created device /job:localhost/replica:0/task:0/device:GPU:2 with 14784 MB memory:  -> device: 2, name: Tesla T4, pci bus id: 0003:00:00.0, compute capability: 7.5
I0000 00:00:1788934448.478342    2485 gpu_device.cc:2043] Created device /job:localhost/replica:0/task:0/device:GPU:3 with 14784 MB memory:  -> device: 3, name: Tesla T4, pci bus id: 0004:00:00.0, compute capability: 7.5
Loaded DL_Track from data/external/dl_track
Thresholds apo=0.350 fasc=0.100
Usable metadata scale keys: 0
Depth-scale table keys: 414
[ WARN:0@56.426] global grfmt_tiff.cpp:123 TIFF_Warning TIFFReadDirectory: Unknown field with tag 50838 (0xc696) encountered
[ WARN:0@56.426] global grfmt_tiff.cpp:123 TIFF_Warning TIFFReadDirectory: Unknown field with tag 50839 (0xc697) encountered
[ WARN:0@56.475] global grfmt_tiff.cpp:123 TIFF_Warning TIFFReadDirectory: Unknown field with tag 50838 (0xc696) encountered
[ WARN:0@56.475] global grfmt_tiff.cpp:123 TIFF_Warning TIFFReadDirectory: Unknown field with tag 50839 (0xc697) encountered
[ WARN:0@56.494] global grfmt_tiff.cpp:123 TIFF_Warning TIFFReadDirectory: Unknown field with tag 50838 (0xc696) encountered
[ WARN:0@56.494] global grfmt_tiff.cpp:123 TIFF_Warning TIFFReadDirectory: Unknown field with tag 50839 (0xc697) encountered
[ WARN:0@56.525] global grfmt_tiff.cpp:123 TIFF_Warning TIFFReadDirectory: Unknown field with tag 50838 (0xc696) encountered
[ WARN:0@56.525] global grfmt_tiff.cpp:123 TIFF_Warning TIFFReadDirectory: Unknown field with tag 50839 (0xc697) encountered
[ WARN:0@56.574] global grfmt_tiff.cpp:123 TIFF_Warning TIFFReadDirectory: Unknown field with tag 50838 (0xc696) encountered
[ WARN:0@56.574] global grfmt_tiff.cpp:123 TIFF_Warning TIFFReadDirectory: Unknown field with tag 50839 (0xc697) encountered
[ WARN:0@56.593] global grfmt_tiff.cpp:123 TIFF_Warning TIFFReadDirectory: Unknown field with tag 50838 (0xc696) encountered
[ WARN:0@56.593] global grfmt_tiff.cpp:123 TIFF_Warning TIFFReadDirectory: Unknown field with tag 50839 (0xc697) encountered
[ WARN:0@56.634] global grfmt_tiff.cpp:123 TIFF_Warning TIFFReadDirectory: Unknown field with tag 50838 (0xc696) encountered
[ WARN:0@56.634] global grfmt_tiff.cpp:123 TIFF_Warning TIFFReadDirectory: Unknown field with tag 50839 (0xc697) encountered
[ WARN:0@56.667] global grfmt_tiff.cpp:123 TIFF_Warning TIFFReadDirectory: Unknown field with tag 50838 (0xc696) encountered
[ WARN:0@56.667] global grfmt_tiff.cpp:123 TIFF_Warning TIFFReadDirectory: Unknown field with tag 50839 (0xc697) encountered
[ WARN:0@56.735] global grfmt_tiff.cpp:123 TIFF_Warning TIFFReadDirectory: Unknown field with tag 50838 (0xc696) encountered
[ WARN:0@56.735] global grfmt_tiff.cpp:123 TIFF_Warning TIFFReadDirectory: Unknown field with tag 50839 (0xc697) encountered
[ WARN:0@56.806] global grfmt_tiff.cpp:123 TIFF_Warning TIFFReadDirectory: Unknown field with tag 50838 (0xc696) encountered
[ WARN:0@56.806] global grfmt_tiff.cpp:123 TIFF_Warning TIFFReadDirectory: Unknown field with tag 50839 (0xc697) encountered
[ WARN:0@56.825] global grfmt_tiff.cpp:123 TIFF_Warning TIFFReadDirectory: Unknown field with tag 50838 (0xc696) encountered
[ WARN:0@56.825] global grfmt_tiff.cpp:123 TIFF_Warning TIFFReadDirectory: Unknown field with tag 50839 (0xc697) encountered
[ WARN:0@56.869] global grfmt_tiff.cpp:123 TIFF_Warning TIFFReadDirectory: Unknown field with tag 50838 (0xc696) encountered
[ WARN:0@56.869] global grfmt_tiff.cpp:123 TIFF_Warning TIFFReadDirectory: Unknown field with tag 50839 (0xc697) encountered
[ WARN:0@56.888] global grfmt_tiff.cpp:123 TIFF_Warning TIFFReadDirectory: Unknown field with tag 50838 (0xc696) encountered
[ WARN:0@56.888] global grfmt_tiff.cpp:123 TIFF_Warning TIFFReadDirectory: Unknown field with tag 50839 (0xc697) encountered
[ WARN:0@56.925] global grfmt_tiff.cpp:123 TIFF_Warning TIFFReadDirectory: Unknown field with tag 50838 (0xc696) encountered
[ WARN:0@56.925] global grfmt_tiff.cpp:123 TIFF_Warning TIFFReadDirectory: Unknown field with tag 50839 (0xc697) encountered
[ WARN:0@56.990] global grfmt_tiff.cpp:123 TIFF_Warning TIFFReadDirectory: Unknown field with tag 50838 (0xc696) encountered
[ WARN:0@56.990] global grfmt_tiff.cpp:123 TIFF_Warning TIFFReadDirectory: Unknown field with tag 50839 (0xc697) encountered
[ WARN:0@57.008] global grfmt_tiff.cpp:123 TIFF_Warning TIFFReadDirectory: Unknown field with tag 50838 (0xc696) encountered
[ WARN:0@57.008] global grfmt_tiff.cpp:123 TIFF_Warning TIFFReadDirectory: Unknown field with tag 50839 (0xc697) encountered
[ WARN:0@57.062] global grfmt_tiff.cpp:123 TIFF_Warning TIFFReadDirectory: Unknown field with tag 50838 (0xc696) encountered
[ WARN:0@57.062] global grfmt_tiff.cpp:123 TIFF_Warning TIFFReadDirectory: Unknown field with tag 50839 (0xc697) encountered
[ WARN:0@57.080] global grfmt_tiff.cpp:123 TIFF_Warning TIFFReadDirectory: Unknown field with tag 50838 (0xc696) encountered
[ WARN:0@57.080] global grfmt_tiff.cpp:123 TIFF_Warning TIFFReadDirectory: Unknown field with tag 50839 (0xc697) encountered
[ WARN:0@57.169] global grfmt_tiff.cpp:123 TIFF_Warning TIFFReadDirectory: Unknown field with tag 50838 (0xc696) encountered
[ WARN:0@57.169] global grfmt_tiff.cpp:123 TIFF_Warning TIFFReadDirectory: Unknown field with tag 50839 (0xc697) encountered
[ WARN:0@57.215] global grfmt_tiff.cpp:123 TIFF_Warning TIFFReadDirectory: Unknown field with tag 50838 (0xc696) encountered
[ WARN:0@57.215] global grfmt_tiff.cpp:123 TIFF_Warning TIFFReadDirectory: Unknown field with tag 50839 (0xc697) encountered
[ WARN:0@57.266] global grfmt_tiff.cpp:123 TIFF_Warning TIFFReadDirectory: Unknown field with tag 50838 (0xc696) encountered
[ WARN:0@57.266] global grfmt_tiff.cpp:123 TIFF_Warning TIFFReadDirectory: Unknown field with tag 50839 (0xc697) encountered
[ WARN:0@57.301] global grfmt_tiff.cpp:123 TIFF_Warning TIFFReadDirectory: Unknown field with tag 50838 (0xc696) encountered
[ WARN:0@57.301] global grfmt_tiff.cpp:123 TIFF_Warning TIFFReadDirectory: Unknown field with tag 50839 (0xc697) encountered
[ WARN:0@57.338] global grfmt_tiff.cpp:123 TIFF_Warning TIFFReadDirectory: Unknown field with tag 50838 (0xc696) encountered
[ WARN:0@57.338] global grfmt_tiff.cpp:123 TIFF_Warning TIFFReadDirectory: Unknown field with tag 50839 (0xc697) encountered
[ WARN:0@57.358] global grfmt_tiff.cpp:123 TIFF_Warning TIFFReadDirectory: Unknown field with tag 50838 (0xc696) encountered
[ WARN:0@57.358] global grfmt_tiff.cpp:123 TIFF_Warning TIFFReadDirectory: Unknown field with tag 50839 (0xc697) encountered
[ WARN:0@57.378] global grfmt_tiff.cpp:123 TIFF_Warning TIFFReadDirectory: Unknown field with tag 50838 (0xc696) encountered
[ WARN:0@57.378] global grfmt_tiff.cpp:123 TIFF_Warning TIFFReadDirectory: Unknown field with tag 50839 (0xc697) encountered
OSF shape cache warmed: 6 shapes
Loaded scale detector experiments/checkpoints_scale/scale_detector_native.pt
I0000 00:00:1788934459.847611    3066 cuda_dnn.cc:461] Loaded cuDNN version 92501
OCR/tick scales after live+group: 618 keys (live=204, crop_applied=250)
OSF shape lookup entries: 20
GT IMG_00001.tif (wide_hM_mid): pa=17.334 fl=79.423 mt=21.778 | pred pa=10.43 fl_px=796.4 mt_px=175.0
GT IMG_00002.tif (wider_hM_mid): pa=12.876 fl=69.424 mt=15.478 | pred pa=8.96 fl_px=1296.4 mt_px=256.6
Scale assignment: {'n_meta': 0, 'n_ocr': 309, 'n_cluster': 0, 'n_prefix': 0, 'n_shape': 0, 'n_primary': 0, 'primary_mt': 0.09239784202322632, 'primary_fl': 0.07663786331743018, 'clusters': ['wide_hM_mid', 'wider_hM_mid']}
Residual models skipped (off or missing)
Sample residual gains disabled (n_ocr=309)
Temporal PA-only EMA over 18 groups (OCR scales preserved)
Wrote submissions/submission_dltrack_g0c.csv (309 rows)
           pa_deg       fl_mm       mt_mm
count  309.000000  309.000000  309.000000
mean    14.928484   66.450055   15.240790
std      3.922499   33.040947    6.366013
min      6.341130   25.000000    6.000000
25%     12.304939   33.170544    9.745453
50%     13.901473   67.038917   16.214942
75%     16.614346   92.322953   20.000000
max     38.809141  140.000000   39.335436
geom_stats fasc_comp=21667 hough=8 radon=307 pa_apo=306 pa_nan=3 fl_x=296 fl_trig=191 fl_nan=5 mt_ok=233 mt_nan=76
clip hits pa_deg: low=0 high=0
clip hits fl_mm: low=50 high=7
clip hits mt_mm: low=26 high=0
Wrote debug submissions/submission_dltrack_g0c_debug.csv
GATE_B IMG_00001.tif: PA_err=5.77 FL_err=20.62 MT_err=8.86
GATE_B IMG_00002.tif: PA_err=0.96 FL_err=15.72 MT_err=1.37
