{
  "fl_std_cand": 33.04094685841849,
  "fl_std_ref": 13.811455718819026,
  "mt_std_cand": 6.366012841086315,
  "mt_std_ref": 3.207089129930254,
  "fl_clip_frac": 0.18446601941747573,
  "mt_clip_frac": 0.08414239482200647,
  "fl_med": 67.0389167941476,
  "mt_med": 16.214942187816394,
  "ok": false,
  "reasons": [
    "fl_clip_high",
    "mt_clip_high"
  ],
  "fl_med_near_81": false,
  "gate3_ok": false,
  "gate3_warn_fl_med": true,
  "gate4_ok": false
}
WARN fl_med=67.0 outside 70–95 (public probe; not blocking)
GATE3_FAIL
