DL_Track apo=data/external/dl_track/v0.3.1/models_v0.3.0/model-apo-VGG16_DiceBCE_512_300.h5
DL_Track fasc=data/external/dl_track/v0.3.1/models_v0.3.0/model-fasc-VGG16_DiceBCE_200_512.h5
2026-09-09 17:17:20.381989: I tensorflow/core/platform/cpu_feature_guard.cc:193] This TensorFlow binary is optimized with oneAPI Deep Neural Network Library (oneDNN) to use the following CPU instructions in performance-critical operations:  AVX2 FMA
To enable them in other operations, rebuild TensorFlow with the appropriate compiler flags.
2026-09-09 17:17:20.509556: W tensorflow/stream_executor/platform/default/dso_loader.cc:64] Could not load dynamic library 'libcudart.so.11.0'; dlerror: libcudart.so.11.0: cannot open shared object file: No such file or directory; LD_LIBRARY_PATH: /home/azureuser/muscle-arc/.venv/lib/python3.10/site-packages/cv2/../../lib64:
2026-09-09 17:17:20.509596: I tensorflow/stream_executor/cuda/cudart_stub.cc:29] Ignore above cudart dlerror if you do not have a GPU set up on your machine.
2026-09-09 17:17:20.553393: E tensorflow/stream_executor/cuda/cuda_blas.cc:2981] Unable to register cuBLAS factory: Attempting to register factory for plugin cuBLAS when one has already been registered
2026-09-09 17:17:21.048650: W tensorflow/stream_executor/platform/default/dso_loader.cc:64] Could not load dynamic library 'libnvinfer.so.7'; dlerror: libnvinfer.so.7: cannot open shared object file: No such file or directory; LD_LIBRARY_PATH: /home/azureuser/muscle-arc/.venv/lib/python3.10/site-packages/cv2/../../lib64:
2026-09-09 17:17:21.048745: W tensorflow/stream_executor/platform/default/dso_loader.cc:64] Could not load dynamic library 'libnvinfer_plugin.so.7'; dlerror: libnvinfer_plugin.so.7: cannot open shared object file: No such file or directory; LD_LIBRARY_PATH: /home/azureuser/muscle-arc/.venv/lib/python3.10/site-packages/cv2/../../lib64:
2026-09-09 17:17:21.048757: W tensorflow/compiler/tf2tensorrt/utils/py_utils.cc:38] TF-TRT Warning: Cannot dlopen some TensorRT libraries. If you would like to use Nvidia GPU with TensorRT, please make sure the missing libraries mentioned above are installed properly.
2026-09-09 17:17:22.147036: W tensorflow/stream_executor/platform/default/dso_loader.cc:64] Could not load dynamic library 'libcudart.so.11.0'; dlerror: libcudart.so.11.0: cannot open shared object file: No such file or directory; LD_LIBRARY_PATH: /home/azureuser/muscle-arc/.venv/lib/python3.10/site-packages/cv2/../../lib64:
2026-09-09 17:17:22.147163: W tensorflow/stream_executor/platform/default/dso_loader.cc:64] Could not load dynamic library 'libcublas.so.11'; dlerror: libcublas.so.11: cannot open shared object file: No such file or directory; LD_LIBRARY_PATH: /home/azureuser/muscle-arc/.venv/lib/python3.10/site-packages/cv2/../../lib64:
2026-09-09 17:17:22.147235: W tensorflow/stream_executor/platform/default/dso_loader.cc:64] Could not load dynamic library 'libcublasLt.so.11'; dlerror: libcublasLt.so.11: cannot open shared object file: No such file or directory; LD_LIBRARY_PATH: /home/azureuser/muscle-arc/.venv/lib/python3.10/site-packages/cv2/../../lib64:
2026-09-09 17:17:22.147301: W tensorflow/stream_executor/platform/default/dso_loader.cc:64] Could not load dynamic library 'libcufft.so.10'; dlerror: libcufft.so.10: cannot open shared object file: No such file or directory; LD_LIBRARY_PATH: /home/azureuser/muscle-arc/.venv/lib/python3.10/site-packages/cv2/../../lib64:
2026-09-09 17:17:22.147376: W tensorflow/stream_executor/platform/default/dso_loader.cc:64] Could not load dynamic library 'libcusparse.so.11'; dlerror: libcusparse.so.11: cannot open shared object file: No such file or directory; LD_LIBRARY_PATH: /home/azureuser/muscle-arc/.venv/lib/python3.10/site-packages/cv2/../../lib64:
2026-09-09 17:17:22.147440: W tensorflow/stream_executor/platform/default/dso_loader.cc:64] Could not load dynamic library 'libcudnn.so.8'; dlerror: libcudnn.so.8: cannot open shared object file: No such file or directory; LD_LIBRARY_PATH: /home/azureuser/muscle-arc/.venv/lib/python3.10/site-packages/cv2/../../lib64:
2026-09-09 17:17:22.147452: W tensorflow/core/common_runtime/gpu/gpu_device.cc:1934] Cannot dlopen some GPU libraries. Please make sure the missing libraries mentioned above are installed properly if you would like to use GPU. Follow the guide at https://www.tensorflow.org/install/gpu for how to download and setup the required libraries for your platform.
Skipping registering GPU devices...
2026-09-09 17:17:22.147676: I tensorflow/core/platform/cpu_feature_guard.cc:193] This TensorFlow binary is optimized with oneAPI Deep Neural Network Library (oneDNN) to use the following CPU instructions in performance-critical operations:  AVX2 FMA
To enable them in other operations, rebuild TensorFlow with the appropriate compiler flags.
Loaded DL_Track from data/external/dl_track geom=ours
{
  "n": 35,
  "pa_mae": 1.6102374284018721,
  "fl_mae": 6.6264977116395745,
  "mt_mae": 1.0048873851673623,
  "umud": 0.3851811696975769,
  "combo": 0.3851811696975769,
  "n_est_scale": 35,
  "n_gt_scale": 0,
  "n_rows": 35,
  "scale_mode": "pred",
  "masks_from": "dl_track",
  "geom": "ours",
  "chrome_mask": false,
  "img_size": 512,
  "config": "configs/default.yaml",
  "n_mt_ok": 30,
  "n_mt_bad": 5,
  "n_fl_ok": 24,
  "n_fl_bad": 11,
  "n_pa_ok": 31,
  "n_pa_bad": 4,
  "mt_ratio_median": 1.0109433509699364,
  "fl_ratio_median": 1.0311310997131018,
  "gate2_ok": false,
  "gate0_ok": false
}

per-image ratios (mt_ratio | fl_ratio | pa_err):
  OK im_01_arch.tif: mt=1.00 fl=1.23 pa_err=6.21
  BAD im_02_arch.tif: mt=0.87 fl=1.15 pa_err=5.64
  OK im_03_arch.tif: mt=0.98 fl=0.99 pa_err=1.30
  OK im_04_arch.tif: mt=1.04 fl=1.04 pa_err=2.02
  OK im_05_arch.tif: mt=1.01 fl=1.23 pa_err=7.64
  OK im_06_arch.tif: mt=0.91 fl=0.74 pa_err=0.47
  BAD im_07_arch.tif: mt=1.40 fl=1.29 pa_err=0.98
  OK im_08_arch.tif: mt=1.01 fl=1.03 pa_err=1.17
  OK im_09_arch.tif: mt=0.98 fl=1.02 pa_err=0.97
  BAD im_10_arch.tif: mt=1.30 fl=1.36 pa_err=1.31
  OK im_11_arch.tif: mt=1.01 fl=0.99 pa_err=0.96
  OK im_12_arch.tif: mt=1.04 fl=1.04 pa_err=2.20
  OK im_13_arch.tif: mt=1.00 fl=1.04 pa_err=1.98
  OK im_14_arch.tif: mt=0.98 fl=0.95 pa_err=0.76
  OK im_15_arch.tif: mt=1.00 fl=0.94 pa_err=0.36
  OK im_16_arch.tif: mt=1.02 fl=1.04 pa_err=0.47
  OK im_17_arch.tif: mt=0.99 fl=0.97 pa_err=0.37
  OK im_18_arch.tif: mt=1.01 fl=1.11 pa_err=1.04
  BAD im_19_arch.tif: mt=1.26 fl=1.26 pa_err=0.93
  OK im_20_arch.tif: mt=1.06 fl=1.51 pa_err=7.98
  OK im_21_arch.tif: mt=1.01 fl=0.98 pa_err=0.42
  OK im_22_arch.tif: mt=1.00 fl=1.02 pa_err=1.49
  OK im_23_arch.tif: mt=1.04 fl=0.96 pa_err=0.56
  OK im_24_arch.tif: mt=1.04 fl=1.21 pa_err=1.07
  OK im_25_arch.tif: mt=1.02 fl=1.03 pa_err=1.17
  OK im_26_arch.tif: mt=1.02 fl=1.09 pa_err=0.09
  OK im_27_arch.tif: mt=1.01 fl=0.97 pa_err=1.19
  BAD im_28_arch.tif: mt=1.28 fl=1.38 pa_err=0.17
  OK im_29_arch.tif: mt=0.96 fl=1.03 pa_err=1.87
  OK im_30_arch.tif: mt=1.01 fl=1.07 pa_err=1.49
  OK im_31_arch.tif: mt=1.01 fl=1.00 pa_err=0.29
  OK im_32_arch.tif: mt=1.01 fl=1.01 pa_err=0.86
  OK im_33_arch.tif: mt=1.00 fl=1.01 pa_err=0.32
  OK im_34_arch.tif: mt=0.98 fl=0.97 pa_err=0.37
  OK im_35_arch.tif: mt=1.00 fl=0.95 pa_err=0.27
Wrote experiments/gate2b_dltrack_win.json
mt_bad=5/35 fl_bad=11/35 pa_bad=4
GATE2_FAIL
