ERROR: pip's dependency resolver does not currently take into account all the packages that are installed. This behaviour is the source of the following dependency conflicts.
dl-track-us 0.3.0 requires matplotlib==3.6.1, but you have matplotlib 3.10.9 which is incompatible.
dl-track-us 0.3.0 requires numpy==1.23.4, but you have numpy 1.26.4 which is incompatible.
dl-track-us 0.3.0 requires openpyxl==3.0.10, but you have openpyxl 3.1.5 which is incompatible.
dl-track-us 0.3.0 requires pandas==1.5.1, but you have pandas 2.3.3 which is incompatible.
dl-track-us 0.3.0 requires pillow==9.2.0, but you have pillow 12.3.0 which is incompatible.
dl-track-us 0.3.0 requires scikit-image==0.19.3, but you have scikit-image 0.25.2 which is incompatible.
dl-track-us 0.3.0 requires scikit-learn==1.1.2, but you have scikit-learn 1.7.2 which is incompatible.
dl-track-us 0.3.0 requires tqdm==4.64.1, but you have tqdm 4.70.0 which is incompatible.
ml-dtypes 0.6.0 requires numpy>=2.0.0, but you have numpy 1.26.4 which is incompatible.
2026-09-09 07:33:14.180939: I tensorflow/core/platform/cpu_feature_guard.cc:193] This TensorFlow binary is optimized with oneAPI Deep Neural Network Library (oneDNN) to use the following CPU instructions in performance-critical operations:  AVX2 FMA
To enable them in other operations, rebuild TensorFlow with the appropriate compiler flags.
2026-09-09 07:33:14.296983: W tensorflow/stream_executor/platform/default/dso_loader.cc:64] Could not load dynamic library 'libcudart.so.11.0'; dlerror: libcudart.so.11.0: cannot open shared object file: No such file or directory; LD_LIBRARY_PATH: /home/azureuser/muscle-arc/.venv/lib/python3.10/site-packages/cv2/../../lib64:
2026-09-09 07:33:14.297030: I tensorflow/stream_executor/cuda/cudart_stub.cc:29] Ignore above cudart dlerror if you do not have a GPU set up on your machine.
2026-09-09 07:33:14.331472: E tensorflow/stream_executor/cuda/cuda_blas.cc:2981] Unable to register cuBLAS factory: Attempting to register factory for plugin cuBLAS when one has already been registered
2026-09-09 07:33:14.860788: W tensorflow/stream_executor/platform/default/dso_loader.cc:64] Could not load dynamic library 'libnvinfer.so.7'; dlerror: libnvinfer.so.7: cannot open shared object file: No such file or directory; LD_LIBRARY_PATH: /home/azureuser/muscle-arc/.venv/lib/python3.10/site-packages/cv2/../../lib64:
2026-09-09 07:33:14.860898: W tensorflow/stream_executor/platform/default/dso_loader.cc:64] Could not load dynamic library 'libnvinfer_plugin.so.7'; dlerror: libnvinfer_plugin.so.7: cannot open shared object file: No such file or directory; LD_LIBRARY_PATH: /home/azureuser/muscle-arc/.venv/lib/python3.10/site-packages/cv2/../../lib64:
2026-09-09 07:33:14.860907: W tensorflow/compiler/tf2tensorrt/utils/py_utils.cc:38] TF-TRT Warning: Cannot dlopen some TensorRT libraries. If you would like to use Nvidia GPU with TensorRT, please make sure the missing libraries mentioned above are installed properly.
cv2 4.11.0 numpy 1.26.4 tf 2.10.0
Traceback (most recent call last):
  File "/home/azureuser/muscle-arc/scripts/infer_dltrack_official.py", line 19, in <module>
    from muscle_arc.data.paths import resolve_paths  # noqa: E402
ImportError: cannot import name 'resolve_paths' from 'muscle_arc.data.paths' (/home/azureuser/muscle-arc/src/muscle_arc/data/paths.py)
