experiments/gate0_letterbox.json 0.28725238501661055 1.6102374284018721 4.774291594787298 0.5865798522517344
experiments/gate2b_letterbox.json 0.4100609932726327 1.6102374284018721 6.480662653879843 1.2652645617827971
=== Infer dltrack_lb ===
DL_Track apo=data/external/dl_track/v0.3.1/models_v0.3.0/model-apo-VGG16_DiceBCE_512_300.h5
DL_Track fasc=data/external/dl_track/v0.3.1/models_v0.3.0/model-fasc-VGG16_DiceBCE_200_512.h5
WARNING: All log messages before absl::InitializeLog() is called are written to STDERR
I0000 00:00:1788936876.839402    2131 cpu_feature_guard.cc:227] This TensorFlow binary is optimized to use available CPU instructions in performance-critical operations.
To enable the following instructions: AVX2 FMA, in other operations, rebuild TensorFlow with the appropriate compiler flags.
I0000 00:00:1788936888.571501    2131 gpu_device.cc:2043] Created device /job:localhost/replica:0/task:0/device:GPU:0 with 14784 MB memory:  -> device: 0, name: Tesla T4, pci bus id: 0001:00:00.0, compute capability: 7.5
I0000 00:00:1788936888.574032    2131 gpu_device.cc:2043] Created device /job:localhost/replica:0/task:0/device:GPU:1 with 14784 MB memory:  -> device: 1, name: Tesla T4, pci bus id: 0002:00:00.0, compute capability: 7.5
I0000 00:00:1788936888.576360    2131 gpu_device.cc:2043] Created device /job:localhost/replica:0/task:0/device:GPU:2 with 14784 MB memory:  -> device: 2, name: Tesla T4, pci bus id: 0003:00:00.0, compute capability: 7.5
I0000 00:00:1788936888.578763    2131 gpu_device.cc:2043] Created device /job:localhost/replica:0/task:0/device:GPU:3 with 14784 MB memory:  -> device: 3, name: Tesla T4, pci bus id: 0004:00:00.0, compute capability: 7.5
Loaded DL_Track from data/external/dl_track
Thresholds apo=0.350 fasc=0.100
Usable metadata scale keys: 0
Depth-scale table keys: 414
[ WARN:0@55.753] global grfmt_tiff.cpp:123 TIFF_Warning TIFFReadDirectory: Unknown field with tag 50838 (0xc696) encountered
[ WARN:0@55.753] global grfmt_tiff.cpp:123 TIFF_Warning TIFFReadDirectory: Unknown field with tag 50839 (0xc697) encountered
[ WARN:0@55.805] global grfmt_tiff.cpp:123 TIFF_Warning TIFFReadDirectory: Unknown field with tag 50838 (0xc696) encountered
[ WARN:0@55.805] global grfmt_tiff.cpp:123 TIFF_Warning TIFFReadDirectory: Unknown field with tag 50839 (0xc697) encountered
[ WARN:0@55.830] global grfmt_tiff.cpp:123 TIFF_Warning TIFFReadDirectory: Unknown field with tag 50838 (0xc696) encountered
[ WARN:0@55.830] global grfmt_tiff.cpp:123 TIFF_Warning TIFFReadDirectory: Unknown field with tag 50839 (0xc697) encountered
[ WARN:0@55.868] global grfmt_tiff.cpp:123 TIFF_Warning TIFFReadDirectory: Unknown field with tag 50838 (0xc696) encountered
[ WARN:0@55.868] global grfmt_tiff.cpp:123 TIFF_Warning TIFFReadDirectory: Unknown field with tag 50839 (0xc697) encountered
[ WARN:0@55.912] global grfmt_tiff.cpp:123 TIFF_Warning TIFFReadDirectory: Unknown field with tag 50838 (0xc696) encountered
[ WARN:0@55.912] global grfmt_tiff.cpp:123 TIFF_Warning TIFFReadDirectory: Unknown field with tag 50839 (0xc697) encountered
[ WARN:0@55.951] global grfmt_tiff.cpp:123 TIFF_Warning TIFFReadDirectory: Unknown field with tag 50838 (0xc696) encountered
[ WARN:0@55.951] global grfmt_tiff.cpp:123 TIFF_Warning TIFFReadDirectory: Unknown field with tag 50839 (0xc697) encountered
[ WARN:0@55.996] global grfmt_tiff.cpp:123 TIFF_Warning TIFFReadDirectory: Unknown field with tag 50838 (0xc696) encountered
[ WARN:0@55.996] global grfmt_tiff.cpp:123 TIFF_Warning TIFFReadDirectory: Unknown field with tag 50839 (0xc697) encountered
[ WARN:0@56.022] global grfmt_tiff.cpp:123 TIFF_Warning TIFFReadDirectory: Unknown field with tag 50838 (0xc696) encountered
[ WARN:0@56.022] global grfmt_tiff.cpp:123 TIFF_Warning TIFFReadDirectory: Unknown field with tag 50839 (0xc697) encountered
[ WARN:0@56.077] global grfmt_tiff.cpp:123 TIFF_Warning TIFFReadDirectory: Unknown field with tag 50838 (0xc696) encountered
[ WARN:0@56.077] global grfmt_tiff.cpp:123 TIFF_Warning TIFFReadDirectory: Unknown field with tag 50839 (0xc697) encountered
[ WARN:0@56.176] global grfmt_tiff.cpp:123 TIFF_Warning TIFFReadDirectory: Unknown field with tag 50838 (0xc696) encountered
[ WARN:0@56.176] global grfmt_tiff.cpp:123 TIFF_Warning TIFFReadDirectory: Unknown field with tag 50839 (0xc697) encountered
[ WARN:0@56.195] global grfmt_tiff.cpp:123 TIFF_Warning TIFFReadDirectory: Unknown field with tag 50838 (0xc696) encountered
[ WARN:0@56.195] global grfmt_tiff.cpp:123 TIFF_Warning TIFFReadDirectory: Unknown field with tag 50839 (0xc697) encountered
[ WARN:0@56.248] global grfmt_tiff.cpp:123 TIFF_Warning TIFFReadDirectory: Unknown field with tag 50838 (0xc696) encountered
[ WARN:0@56.248] global grfmt_tiff.cpp:123 TIFF_Warning TIFFReadDirectory: Unknown field with tag 50839 (0xc697) encountered
[ WARN:0@56.268] global grfmt_tiff.cpp:123 TIFF_Warning TIFFReadDirectory: Unknown field with tag 50838 (0xc696) encountered
[ WARN:0@56.268] global grfmt_tiff.cpp:123 TIFF_Warning TIFFReadDirectory: Unknown field with tag 50839 (0xc697) encountered
[ WARN:0@56.288] global grfmt_tiff.cpp:123 TIFF_Warning TIFFReadDirectory: Unknown field with tag 50838 (0xc696) encountered
[ WARN:0@56.288] global grfmt_tiff.cpp:123 TIFF_Warning TIFFReadDirectory: Unknown field with tag 50839 (0xc697) encountered
[ WARN:0@56.374] global grfmt_tiff.cpp:123 TIFF_Warning TIFFReadDirectory: Unknown field with tag 50838 (0xc696) encountered
[ WARN:0@56.374] global grfmt_tiff.cpp:123 TIFF_Warning TIFFReadDirectory: Unknown field with tag 50839 (0xc697) encountered
[ WARN:0@56.396] global grfmt_tiff.cpp:123 TIFF_Warning TIFFReadDirectory: Unknown field with tag 50838 (0xc696) encountered
[ WARN:0@56.396] global grfmt_tiff.cpp:123 TIFF_Warning TIFFReadDirectory: Unknown field with tag 50839 (0xc697) encountered
[ WARN:0@56.460] global grfmt_tiff.cpp:123 TIFF_Warning TIFFReadDirectory: Unknown field with tag 50838 (0xc696) encountered
[ WARN:0@56.460] global grfmt_tiff.cpp:123 TIFF_Warning TIFFReadDirectory: Unknown field with tag 50839 (0xc697) encountered
[ WARN:0@56.481] global grfmt_tiff.cpp:123 TIFF_Warning TIFFReadDirectory: Unknown field with tag 50838 (0xc696) encountered
[ WARN:0@56.481] global grfmt_tiff.cpp:123 TIFF_Warning TIFFReadDirectory: Unknown field with tag 50839 (0xc697) encountered
[ WARN:0@56.569] global grfmt_tiff.cpp:123 TIFF_Warning TIFFReadDirectory: Unknown field with tag 50838 (0xc696) encountered
[ WARN:0@56.569] global grfmt_tiff.cpp:123 TIFF_Warning TIFFReadDirectory: Unknown field with tag 50839 (0xc697) encountered
[ WARN:0@56.618] global grfmt_tiff.cpp:123 TIFF_Warning TIFFReadDirectory: Unknown field with tag 50838 (0xc696) encountered
[ WARN:0@56.618] global grfmt_tiff.cpp:123 TIFF_Warning TIFFReadDirectory: Unknown field with tag 50839 (0xc697) encountered
[ WARN:0@56.679] global grfmt_tiff.cpp:123 TIFF_Warning TIFFReadDirectory: Unknown field with tag 50838 (0xc696) encountered
[ WARN:0@56.679] global grfmt_tiff.cpp:123 TIFF_Warning TIFFReadDirectory: Unknown field with tag 50839 (0xc697) encountered
[ WARN:0@56.700] global grfmt_tiff.cpp:123 TIFF_Warning TIFFReadDirectory: Unknown field with tag 50838 (0xc696) encountered
[ WARN:0@56.700] global grfmt_tiff.cpp:123 TIFF_Warning TIFFReadDirectory: Unknown field with tag 50839 (0xc697) encountered
[ WARN:0@56.750] global grfmt_tiff.cpp:123 TIFF_Warning TIFFReadDirectory: Unknown field with tag 50838 (0xc696) encountered
[ WARN:0@56.750] global grfmt_tiff.cpp:123 TIFF_Warning TIFFReadDirectory: Unknown field with tag 50839 (0xc697) encountered
[ WARN:0@56.771] global grfmt_tiff.cpp:123 TIFF_Warning TIFFReadDirectory: Unknown field with tag 50838 (0xc696) encountered
[ WARN:0@56.771] global grfmt_tiff.cpp:123 TIFF_Warning TIFFReadDirectory: Unknown field with tag 50839 (0xc697) encountered
[ WARN:0@56.791] global grfmt_tiff.cpp:123 TIFF_Warning TIFFReadDirectory: Unknown field with tag 50838 (0xc696) encountered
[ WARN:0@56.791] global grfmt_tiff.cpp:123 TIFF_Warning TIFFReadDirectory: Unknown field with tag 50839 (0xc697) encountered
OSF shape cache warmed: 6 shapes
Loaded scale detector experiments/checkpoints_scale/scale_detector_native.pt
I0000 00:00:1788936900.474496    2478 cuda_dnn.cc:461] Loaded cuDNN version 92501
OCR/tick scales after live+group: 618 keys (live=204, crop_applied=0)
OSF shape lookup entries: 1
GT IMG_00001.tif (wider_hL_dark): pa=17.334 fl=79.423 mt=21.778 | pred pa=16.68 fl_px=1187.6 mt_px=329.2
GT IMG_00002.tif (wider_hL_dark): pa=12.876 fl=69.424 mt=15.478 | pred pa=8.91 fl_px=1479.9 mt_px=274.7
Scale assignment: {'n_meta': 0, 'n_ocr': 309, 'n_cluster': 0, 'n_prefix': 0, 'n_shape': 0, 'n_primary': 0, 'primary_mt': 0.06125070809648964, 'primary_fl': 0.056895608766092454, 'clusters': ['wider_hL_dark']}
Residual models skipped (off or missing)
Sample residual gains disabled (n_ocr=309)
Temporal PA-only EMA over 18 groups (OCR scales preserved)
Wrote submissions/submission_dltrack_lb.csv (309 rows)
           pa_deg       fl_mm       mt_mm
count  309.000000  309.000000  309.000000
mean    14.094401   80.173488   19.732343
std      2.728007   22.828464    4.254250
min      7.768048   25.000000    6.000000
25%     12.378687   66.133015   17.868663
50%     13.700310   80.095325   20.000000
75%     15.002733   94.807344   20.733476
max     23.122836  140.000000   39.288344
geom_stats fasc_comp=16288 hough=12 radon=308 pa_apo=308 pa_nan=1 fl_x=304 fl_trig=189 fl_nan=2 mt_ok=231 mt_nan=78
clip hits pa_deg: low=0 high=0
clip hits fl_mm: low=4 high=5
clip hits mt_mm: low=1 high=0
Wrote debug submissions/submission_dltrack_lb_debug.csv
GATE_B IMG_00001.tif: PA_err=2.59 FL_err=8.26 MT_err=2.53
GATE_B IMG_00002.tif: PA_err=0.53 FL_err=27.77 MT_err=2.56
{
  "fl_std_cand": 22.828463926244414,
  "fl_std_ref": 13.811455718819026,
  "mt_std_cand": 4.254250208366598,
  "mt_std_ref": 3.207089129930254,
  "fl_clip_frac": 0.02912621359223301,
  "mt_clip_frac": 0.003236245954692557,
  "fl_med": 80.09532510345379,
  "mt_med": 20.0,
  "ok": true,
  "reasons": [],
  "fl_med_near_81": true,
  "gate3_ok": true,
  "gate3_warn_fl_med": false,
  "gate4_ok": true
}
GATE3_OK
medians PA/FL/MT 13.70030982677395 80.09532510345379 20.0
gate3 {'gate3_ok': True, 'fl_med': 80.09532510345379, 'fl_clip_frac': 0.02912621359223301, 'fl_med_near_81': True, 'ok': True, 'reasons': []}
SUBMIT_OK
310 submissions/submission.csv
  0%|          | 0.00/19.8k [00:00<?, ?B/s]100%|██████████| 19.8k/19.8k [00:00<00:00, 60.8kB/s]
Successfully submitted to UMUD Challenge: Muscle Architecture in Ultrasound Data2026-09-09T07:00:41.877Z 1.00893 complete dltrack_lb-letterbox-nocrop-Gate0-0.287
2026-09-09T06:32:34.36Z 1.01690 complete dltrack_g0d-nocrop-shape-scale
2026-09-09T06:19:41.59Z 1.53856 complete dltrack_g0c-shape-scale-auto-crop
DONE
