Gate1 split=holdout_intersect stems: 20 / matched=1048
Warning: You are sending unauthenticated requests to the HF Hub. Please set a HF_TOKEN to enable higher rate limits and faster downloads.
Unexpected keys (bn2.num_batches_tracked, bn2.bias, bn2.running_mean, bn2.running_var, bn2.weight, classifier.bias, classifier.weight, conv_head.weight) found while loading pretrained weights. This may be expected if model is being adapted.
Unexpected keys (bn2.num_batches_tracked, bn2.bias, bn2.running_mean, bn2.running_var, bn2.weight, classifier.bias, classifier.weight, conv_head.weight) found while loading pretrained weights. This may be expected if model is being adapted.
{
  "n": 20,
  "split": "holdout",
  "split_note": "holdout_intersect",
  "gt_pa_median": 12.034198011677418,
  "gt_fl_px_median": 1324.324327229851,
  "gt_mt_px_median": 309.4992199831768,
  "mode": "gt_vs_pred",
  "apo_ckpt": "experiments/checkpoints_grow_v2/apo_best.pt",
  "fasc_ckpt": "experiments/checkpoints_grow_v2/fasc_best.pt",
  "pa_mae_deg": 10.816032871919031,
  "fl_rel_mae": 0.23783504671540076,
  "mt_rel_mae": 0.28423582513383827,
  "n_pa": 20,
  "n_fl": 20,
  "n_mt": 20,
  "geom_ok": false,
  "gate1_ok": false,
  "route": "geometry_first",
  "baseline_path": "experiments/gate1_geometry.json",
  "delta_pa_mae_deg": 2.042255694657632,
  "delta_fl_rel_mae": 0.0054934879542587745,
  "delta_mt_rel_mae": 0.0,
  "vs_baseline_improved": false
}
geom_stats fasc_comp=1206 hough=0 radon=40 pa_apo=40 pa_nan=0 fl_x=44 fl_trig=33 fl_nan=0 mt_ok=40 mt_nan=0
Wrote experiments/gate1_grow_v2.json
GATE1_FAIL
GATE1_ROUTE geometry_first
