Wrote experiments/osf_expert_gt.csv rows=35
          pa_deg      fl_mm      mt_mm  mm_per_pixel
count  35.000000  35.000000  35.000000     35.000000
mean   18.291171  60.680364  17.772012      0.116247
std     3.645441  10.241822   3.169785      0.018411
min    12.860667  35.688312  12.077922      0.079365
25%    15.685500  54.968182  15.146608      0.112360
50%    17.200000  60.275437  17.735618      0.129870
75%    20.119500  68.285916  20.100823      0.129870
max    27.500000  84.435495  24.379775      0.135135
scales: [0.07937, 0.08929, 0.10638, 0.11236, 0.11765, 0.12987, 0.13514]
Using ckpts apo=experiments/checkpoints_phase4/apo_best.pt fasc=experiments/checkpoints_phase4/fasc_best.pt device=cuda
Warning: You are sending unauthenticated requests to the HF Hub. Please set a HF_TOKEN to enable higher rate limits and faster downloads.
Unexpected keys (bn2.num_batches_tracked, bn2.bias, bn2.running_mean, bn2.running_var, bn2.weight, classifier.bias, classifier.weight, conv_head.weight) found while loading pretrained weights. This may be expected if model is being adapted.
Unexpected keys (bn2.num_batches_tracked, bn2.bias, bn2.running_mean, bn2.running_var, bn2.weight, classifier.bias, classifier.weight, conv_head.weight) found while loading pretrained weights. This may be expected if model is being adapted.
geometry im_01_arch.tif ...
[ WARN:0@11.080] global grfmt_tiff.cpp:123 TIFF_Warning TIFFReadDirectory: Unknown field with tag 50838 (0xc696) encountered
[ WARN:0@11.080] global grfmt_tiff.cpp:123 TIFF_Warning TIFFReadDirectory: Unknown field with tag 50839 (0xc697) encountered
geometry im_02_arch.tif ...
[ WARN:0@11.802] global grfmt_tiff.cpp:123 TIFF_Warning TIFFReadDirectory: Unknown field with tag 50838 (0xc696) encountered
[ WARN:0@11.802] global grfmt_tiff.cpp:123 TIFF_Warning TIFFReadDirectory: Unknown field with tag 50839 (0xc697) encountered
geometry im_03_arch.tif ...
[ WARN:0@12.137] global grfmt_tiff.cpp:123 TIFF_Warning TIFFReadDirectory: Unknown field with tag 50838 (0xc696) encountered
[ WARN:0@12.137] global grfmt_tiff.cpp:123 TIFF_Warning TIFFReadDirectory: Unknown field with tag 50839 (0xc697) encountered
geometry im_04_arch.tif ...
[ WARN:0@12.523] global grfmt_tiff.cpp:123 TIFF_Warning TIFFReadDirectory: Unknown field with tag 50838 (0xc696) encountered
[ WARN:0@12.523] global grfmt_tiff.cpp:123 TIFF_Warning TIFFReadDirectory: Unknown field with tag 50839 (0xc697) encountered
geometry im_05_arch.tif ...
[ WARN:0@12.931] global grfmt_tiff.cpp:123 TIFF_Warning TIFFReadDirectory: Unknown field with tag 50838 (0xc696) encountered
[ WARN:0@12.931] global grfmt_tiff.cpp:123 TIFF_Warning TIFFReadDirectory: Unknown field with tag 50839 (0xc697) encountered
geometry im_06_arch.tif ...
[ WARN:0@13.321] global grfmt_tiff.cpp:123 TIFF_Warning TIFFReadDirectory: Unknown field with tag 50838 (0xc696) encountered
[ WARN:0@13.321] global grfmt_tiff.cpp:123 TIFF_Warning TIFFReadDirectory: Unknown field with tag 50839 (0xc697) encountered
geometry im_07_arch.tif ...
geometry im_08_arch.tif ...
[ WARN:0@13.984] global grfmt_tiff.cpp:123 TIFF_Warning TIFFReadDirectory: Unknown field with tag 50838 (0xc696) encountered
[ WARN:0@13.984] global grfmt_tiff.cpp:123 TIFF_Warning TIFFReadDirectory: Unknown field with tag 50839 (0xc697) encountered
geometry im_09_arch.tif ...
[ WARN:0@14.300] global grfmt_tiff.cpp:123 TIFF_Warning TIFFReadDirectory: Unknown field with tag 50838 (0xc696) encountered
[ WARN:0@14.300] global grfmt_tiff.cpp:123 TIFF_Warning TIFFReadDirectory: Unknown field with tag 50839 (0xc697) encountered
geometry im_10_arch.tif ...
geometry im_11_arch.tif ...
[ WARN:0@14.979] global grfmt_tiff.cpp:123 TIFF_Warning TIFFReadDirectory: Unknown field with tag 50838 (0xc696) encountered
[ WARN:0@14.979] global grfmt_tiff.cpp:123 TIFF_Warning TIFFReadDirectory: Unknown field with tag 50839 (0xc697) encountered
geometry im_12_arch.tif ...
geometry im_13_arch.tif ...
geometry im_14_arch.tif ...
[ WARN:0@16.091] global grfmt_tiff.cpp:123 TIFF_Warning TIFFReadDirectory: Unknown field with tag 50838 (0xc696) encountered
[ WARN:0@16.091] global grfmt_tiff.cpp:123 TIFF_Warning TIFFReadDirectory: Unknown field with tag 50839 (0xc697) encountered
geometry im_15_arch.tif ...
[ WARN:0@16.473] global grfmt_tiff.cpp:123 TIFF_Warning TIFFReadDirectory: Unknown field with tag 50838 (0xc696) encountered
[ WARN:0@16.473] global grfmt_tiff.cpp:123 TIFF_Warning TIFFReadDirectory: Unknown field with tag 50839 (0xc697) encountered
geometry im_16_arch.tif ...
[ WARN:0@16.872] global grfmt_tiff.cpp:123 TIFF_Warning TIFFReadDirectory: Unknown field with tag 50838 (0xc696) encountered
[ WARN:0@16.872] global grfmt_tiff.cpp:123 TIFF_Warning TIFFReadDirectory: Unknown field with tag 50839 (0xc697) encountered
geometry im_17_arch.tif ...
[ WARN:0@17.226] global grfmt_tiff.cpp:123 TIFF_Warning TIFFReadDirectory: Unknown field with tag 50838 (0xc696) encountered
[ WARN:0@17.226] global grfmt_tiff.cpp:123 TIFF_Warning TIFFReadDirectory: Unknown field with tag 50839 (0xc697) encountered
geometry im_18_arch.tif ...
[ WARN:0@17.600] global grfmt_tiff.cpp:123 TIFF_Warning TIFFReadDirectory: Unknown field with tag 50838 (0xc696) encountered
[ WARN:0@17.600] global grfmt_tiff.cpp:123 TIFF_Warning TIFFReadDirectory: Unknown field with tag 50839 (0xc697) encountered
geometry im_19_arch.tif ...
geometry im_20_arch.tif ...
[ WARN:0@18.512] global grfmt_tiff.cpp:123 TIFF_Warning TIFFReadDirectory: Unknown field with tag 50838 (0xc696) encountered
[ WARN:0@18.512] global grfmt_tiff.cpp:123 TIFF_Warning TIFFReadDirectory: Unknown field with tag 50839 (0xc697) encountered
geometry im_21_arch.tif ...
[ WARN:0@18.854] global grfmt_tiff.cpp:123 TIFF_Warning TIFFReadDirectory: Unknown field with tag 50838 (0xc696) encountered
[ WARN:0@18.854] global grfmt_tiff.cpp:123 TIFF_Warning TIFFReadDirectory: Unknown field with tag 50839 (0xc697) encountered
geometry im_22_arch.tif ...
geometry im_23_arch.tif ...
[ WARN:0@19.556] global grfmt_tiff.cpp:123 TIFF_Warning TIFFReadDirectory: Unknown field with tag 50838 (0xc696) encountered
[ WARN:0@19.556] global grfmt_tiff.cpp:123 TIFF_Warning TIFFReadDirectory: Unknown field with tag 50839 (0xc697) encountered
geometry im_24_arch.tif ...
[ WARN:0@20.140] global grfmt_tiff.cpp:123 TIFF_Warning TIFFReadDirectory: Unknown field with tag 50838 (0xc696) encountered
[ WARN:0@20.140] global grfmt_tiff.cpp:123 TIFF_Warning TIFFReadDirectory: Unknown field with tag 50839 (0xc697) encountered
geometry im_25_arch.tif ...
geometry im_26_arch.tif ...
geometry im_27_arch.tif ...
[ WARN:0@21.439] global grfmt_tiff.cpp:123 TIFF_Warning TIFFReadDirectory: Unknown field with tag 50838 (0xc696) encountered
[ WARN:0@21.439] global grfmt_tiff.cpp:123 TIFF_Warning TIFFReadDirectory: Unknown field with tag 50839 (0xc697) encountered
geometry im_28_arch.tif ...
geometry im_29_arch.tif ...
[ WARN:0@22.545] global grfmt_tiff.cpp:123 TIFF_Warning TIFFReadDirectory: Unknown field with tag 50838 (0xc696) encountered
[ WARN:0@22.545] global grfmt_tiff.cpp:123 TIFF_Warning TIFFReadDirectory: Unknown field with tag 50839 (0xc697) encountered
geometry im_30_arch.tif ...
geometry im_31_arch.tif ...
[ WARN:0@23.182] global grfmt_tiff.cpp:123 TIFF_Warning TIFFReadDirectory: Unknown field with tag 50838 (0xc696) encountered
[ WARN:0@23.182] global grfmt_tiff.cpp:123 TIFF_Warning TIFFReadDirectory: Unknown field with tag 50839 (0xc697) encountered
geometry im_32_arch.tif ...
[ WARN:0@23.735] global grfmt_tiff.cpp:123 TIFF_Warning TIFFReadDirectory: Unknown field with tag 50838 (0xc696) encountered
[ WARN:0@23.735] global grfmt_tiff.cpp:123 TIFF_Warning TIFFReadDirectory: Unknown field with tag 50839 (0xc697) encountered
geometry im_33_arch.tif ...
[ WARN:0@24.112] global grfmt_tiff.cpp:123 TIFF_Warning TIFFReadDirectory: Unknown field with tag 50838 (0xc696) encountered
[ WARN:0@24.112] global grfmt_tiff.cpp:123 TIFF_Warning TIFFReadDirectory: Unknown field with tag 50839 (0xc697) encountered
geometry im_34_arch.tif ...
[ WARN:0@24.429] global grfmt_tiff.cpp:123 TIFF_Warning TIFFReadDirectory: Unknown field with tag 50838 (0xc696) encountered
[ WARN:0@24.429] global grfmt_tiff.cpp:123 TIFF_Warning TIFFReadDirectory: Unknown field with tag 50839 (0xc697) encountered
geometry im_35_arch.tif ...
[ WARN:0@24.835] global grfmt_tiff.cpp:123 TIFF_Warning TIFFReadDirectory: Unknown field with tag 50838 (0xc696) encountered
[ WARN:0@24.835] global grfmt_tiff.cpp:123 TIFF_Warning TIFFReadDirectory: Unknown field with tag 50839 (0xc697) encountered
Wrote features experiments/osf_features.csv n=35
