Unexpected keys (bn2.num_batches_tracked, bn2.bias, bn2.running_mean, bn2.running_var, bn2.weight, classifier.bias, classifier.weight, conv_head.weight) found while loading pretrained weights. This may be expected if model is being adapted.
Warning: You are sending unauthenticated requests to the HF Hub. Please set a HF_TOKEN to enable higher rate limits and faster downloads.
Unexpected keys (bn2.num_batches_tracked, bn2.bias, bn2.running_mean, bn2.running_var, bn2.weight, classifier.bias, classifier.weight, conv_head.weight) found while loading pretrained weights. This may be expected if model is being adapted.
[ WARN:0@5.976] global grfmt_tiff.cpp:123 TIFF_Warning TIFFReadDirectory: Unknown field with tag 50838 (0xc696) encountered
[ WARN:0@5.976] global grfmt_tiff.cpp:123 TIFF_Warning TIFFReadDirectory: Unknown field with tag 50839 (0xc697) encountered
[ WARN:0@7.053] global grfmt_tiff.cpp:123 TIFF_Warning TIFFReadDirectory: Unknown field with tag 50838 (0xc696) encountered
[ WARN:0@7.053] global grfmt_tiff.cpp:123 TIFF_Warning TIFFReadDirectory: Unknown field with tag 50839 (0xc697) encountered
[ WARN:0@7.682] global grfmt_tiff.cpp:123 TIFF_Warning TIFFReadDirectory: Unknown field with tag 50838 (0xc696) encountered
[ WARN:0@7.682] global grfmt_tiff.cpp:123 TIFF_Warning TIFFReadDirectory: Unknown field with tag 50839 (0xc697) encountered
[ WARN:0@8.298] global grfmt_tiff.cpp:123 TIFF_Warning TIFFReadDirectory: Unknown field with tag 50838 (0xc696) encountered
[ WARN:0@8.298] global grfmt_tiff.cpp:123 TIFF_Warning TIFFReadDirectory: Unknown field with tag 50839 (0xc697) encountered
[ WARN:0@9.099] global grfmt_tiff.cpp:123 TIFF_Warning TIFFReadDirectory: Unknown field with tag 50838 (0xc696) encountered
[ WARN:0@9.099] global grfmt_tiff.cpp:123 TIFF_Warning TIFFReadDirectory: Unknown field with tag 50839 (0xc697) encountered
[ WARN:0@9.695] global grfmt_tiff.cpp:123 TIFF_Warning TIFFReadDirectory: Unknown field with tag 50838 (0xc696) encountered
[ WARN:0@9.695] global grfmt_tiff.cpp:123 TIFF_Warning TIFFReadDirectory: Unknown field with tag 50839 (0xc697) encountered
[ WARN:0@10.835] global grfmt_tiff.cpp:123 TIFF_Warning TIFFReadDirectory: Unknown field with tag 50838 (0xc696) encountered
[ WARN:0@10.835] global grfmt_tiff.cpp:123 TIFF_Warning TIFFReadDirectory: Unknown field with tag 50839 (0xc697) encountered
[ WARN:0@11.547] global grfmt_tiff.cpp:123 TIFF_Warning TIFFReadDirectory: Unknown field with tag 50838 (0xc696) encountered
[ WARN:0@11.548] global grfmt_tiff.cpp:123 TIFF_Warning TIFFReadDirectory: Unknown field with tag 50839 (0xc697) encountered
[ WARN:0@13.060] global grfmt_tiff.cpp:123 TIFF_Warning TIFFReadDirectory: Unknown field with tag 50838 (0xc696) encountered
[ WARN:0@13.060] global grfmt_tiff.cpp:123 TIFF_Warning TIFFReadDirectory: Unknown field with tag 50839 (0xc697) encountered
[ WARN:0@14.989] global grfmt_tiff.cpp:123 TIFF_Warning TIFFReadDirectory: Unknown field with tag 50838 (0xc696) encountered
[ WARN:0@14.989] global grfmt_tiff.cpp:123 TIFF_Warning TIFFReadDirectory: Unknown field with tag 50839 (0xc697) encountered
[ WARN:0@15.808] global grfmt_tiff.cpp:123 TIFF_Warning TIFFReadDirectory: Unknown field with tag 50838 (0xc696) encountered
[ WARN:0@15.808] global grfmt_tiff.cpp:123 TIFF_Warning TIFFReadDirectory: Unknown field with tag 50839 (0xc697) encountered
[ WARN:0@16.583] global grfmt_tiff.cpp:123 TIFF_Warning TIFFReadDirectory: Unknown field with tag 50838 (0xc696) encountered
[ WARN:0@16.583] global grfmt_tiff.cpp:123 TIFF_Warning TIFFReadDirectory: Unknown field with tag 50839 (0xc697) encountered
[ WARN:0@17.163] global grfmt_tiff.cpp:123 TIFF_Warning TIFFReadDirectory: Unknown field with tag 50838 (0xc696) encountered
[ WARN:0@17.163] global grfmt_tiff.cpp:123 TIFF_Warning TIFFReadDirectory: Unknown field with tag 50839 (0xc697) encountered
[ WARN:0@17.700] global grfmt_tiff.cpp:123 TIFF_Warning TIFFReadDirectory: Unknown field with tag 50838 (0xc696) encountered
[ WARN:0@17.700] global grfmt_tiff.cpp:123 TIFF_Warning TIFFReadDirectory: Unknown field with tag 50839 (0xc697) encountered
[ WARN:0@19.588] global grfmt_tiff.cpp:123 TIFF_Warning TIFFReadDirectory: Unknown field with tag 50838 (0xc696) encountered
[ WARN:0@19.588] global grfmt_tiff.cpp:123 TIFF_Warning TIFFReadDirectory: Unknown field with tag 50839 (0xc697) encountered
[ WARN:0@20.152] global grfmt_tiff.cpp:123 TIFF_Warning TIFFReadDirectory: Unknown field with tag 50838 (0xc696) encountered
[ WARN:0@20.152] global grfmt_tiff.cpp:123 TIFF_Warning TIFFReadDirectory: Unknown field with tag 50839 (0xc697) encountered
[ WARN:0@21.890] global grfmt_tiff.cpp:123 TIFF_Warning TIFFReadDirectory: Unknown field with tag 50838 (0xc696) encountered
[ WARN:0@21.890] global grfmt_tiff.cpp:123 TIFF_Warning TIFFReadDirectory: Unknown field with tag 50839 (0xc697) encountered
[ WARN:0@22.451] global grfmt_tiff.cpp:123 TIFF_Warning TIFFReadDirectory: Unknown field with tag 50838 (0xc696) encountered
[ WARN:0@22.452] global grfmt_tiff.cpp:123 TIFF_Warning TIFFReadDirectory: Unknown field with tag 50839 (0xc697) encountered
[ WARN:0@25.491] global grfmt_tiff.cpp:123 TIFF_Warning TIFFReadDirectory: Unknown field with tag 50838 (0xc696) encountered
[ WARN:0@25.491] global grfmt_tiff.cpp:123 TIFF_Warning TIFFReadDirectory: Unknown field with tag 50839 (0xc697) encountered
[ WARN:0@26.749] global grfmt_tiff.cpp:123 TIFF_Warning TIFFReadDirectory: Unknown field with tag 50838 (0xc696) encountered
[ WARN:0@26.749] global grfmt_tiff.cpp:123 TIFF_Warning TIFFReadDirectory: Unknown field with tag 50839 (0xc697) encountered
[ WARN:0@28.085] global grfmt_tiff.cpp:123 TIFF_Warning TIFFReadDirectory: Unknown field with tag 50838 (0xc696) encountered
[ WARN:0@28.085] global grfmt_tiff.cpp:123 TIFF_Warning TIFFReadDirectory: Unknown field with tag 50839 (0xc697) encountered
[ WARN:0@28.664] global grfmt_tiff.cpp:123 TIFF_Warning TIFFReadDirectory: Unknown field with tag 50838 (0xc696) encountered
[ WARN:0@28.664] global grfmt_tiff.cpp:123 TIFF_Warning TIFFReadDirectory: Unknown field with tag 50839 (0xc697) encountered
[ WARN:0@30.085] global grfmt_tiff.cpp:123 TIFF_Warning TIFFReadDirectory: Unknown field with tag 50838 (0xc696) encountered
[ WARN:0@30.085] global grfmt_tiff.cpp:123 TIFF_Warning TIFFReadDirectory: Unknown field with tag 50839 (0xc697) encountered
[ WARN:0@30.599] global grfmt_tiff.cpp:123 TIFF_Warning TIFFReadDirectory: Unknown field with tag 50838 (0xc696) encountered
[ WARN:0@30.599] global grfmt_tiff.cpp:123 TIFF_Warning TIFFReadDirectory: Unknown field with tag 50839 (0xc697) encountered
[ WARN:0@31.202] global grfmt_tiff.cpp:123 TIFF_Warning TIFFReadDirectory: Unknown field with tag 50838 (0xc696) encountered
[ WARN:0@31.202] global grfmt_tiff.cpp:123 TIFF_Warning TIFFReadDirectory: Unknown field with tag 50839 (0xc697) encountered
{
  "n": 32,
  "pa_mae": 5.122234559290866,
  "fl_mae": 33.40155406347243,
  "mt_mae": 13.275932356205148,
  "umud": 2.687493127968743,
  "combo": 2.687493127968743,
  "n_est_scale": 0,
  "n_gt_scale": 35,
  "n_rows": 35,
  "scale_mode": "gt",
  "masks_from": "ours",
  "n_mt_ok": 3,
  "n_mt_bad": 29,
  "n_fl_ok": 4,
  "n_fl_bad": 22,
  "n_pa_ok": 19,
  "n_pa_bad": 13,
  "mt_ratio_median": 1.72886411899152,
  "fl_ratio_median": 1.4837494268844456,
  "gate2_ok": false,
  "gate0_ok": false
}

per-image ratios (mt_ratio | fl_ratio | pa_err):
  BAD im_01_arch.tif: mt=1.17 fl=2.30 pa_err=17.12
  BAD im_02_arch.tif: mt=1.91 fl=1.49 pa_err=6.41
  BAD im_03_arch.tif: mt=1.25 fl=2.53 pa_err=12.06
  BAD im_04_arch.tif: mt=2.11 fl=1.64 pa_err=1.31
  BAD im_05_arch.tif: mt=2.49 fl=nan pa_err=11.96
  BAD im_06_arch.tif: mt=2.61 fl=nan pa_err=7.78
  BAD im_07_arch.tif: mt=3.04 fl=nan pa_err=0.62
  BAD im_08_arch.tif: mt=1.15 fl=1.57 pa_err=13.58
  BAD im_09_arch.tif: mt=2.40 fl=nan pa_err=1.41
  BAD im_10_arch.tif: mt=1.15 fl=1.25 pa_err=2.91
  OK im_11_arch.tif: mt=1.07 fl=1.19 pa_err=0.60
  BAD im_12_arch.tif: mt=1.48 fl=nan pa_err=5.78
  BAD im_13_arch.tif: mt=1.66 fl=1.35 pa_err=7.34
  OK im_14_arch.tif: mt=1.00 fl=0.88 pa_err=14.72
  BAD im_15_arch.tif: mt=1.97 fl=1.57 pa_err=2.84
  BAD im_16_arch.tif: mt=1.12 fl=1.40 pa_err=0.92
  BAD im_17_arch.tif: mt=1.85 fl=1.86 pa_err=1.67
  BAD im_18_arch.tif: mt=1.77 fl=2.09 pa_err=2.39
  BAD im_19_arch.tif: mt=1.69 fl=0.98 pa_err=0.01
  BAD im_20_arch.tif: mt=1.46 fl=1.47 pa_err=0.59
  BAD im_21_arch.tif: mt=2.43 fl=1.01 pa_err=7.51
  BAD im_22_arch.tif: mt=nan fl=nan pa_err=nan
  BAD im_23_arch.tif: mt=2.59 fl=1.93 pa_err=2.10
  BAD im_24_arch.tif: mt=2.28 fl=2.40 pa_err=2.69
  BAD im_25_arch.tif: mt=nan fl=nan pa_err=nan
  BAD im_26_arch.tif: mt=nan fl=nan pa_err=nan
  OK im_27_arch.tif: mt=1.06 fl=1.06 pa_err=1.23
  BAD im_28_arch.tif: mt=2.03 fl=nan pa_err=3.89
  BAD im_29_arch.tif: mt=1.56 fl=1.67 pa_err=2.26
  BAD im_30_arch.tif: mt=1.25 fl=1.38 pa_err=10.23
  BAD im_31_arch.tif: mt=2.53 fl=1.94 pa_err=5.62
  BAD im_32_arch.tif: mt=1.36 fl=1.03 pa_err=3.91
  BAD im_33_arch.tif: mt=1.95 fl=1.27 pa_err=1.48
  BAD im_34_arch.tif: mt=2.42 fl=2.64 pa_err=10.86
  BAD im_35_arch.tif: mt=1.16 fl=1.20 pa_err=0.12
Wrote experiments/gate2_osf_umud.json
mt_bad=29/32 fl_bad=22/32 pa_bad=13
GATE2_FAIL
