=== Gate2 OSF (geometry fix check) ===
Unexpected keys (bn2.num_batches_tracked, bn2.bias, bn2.running_mean, bn2.running_var, bn2.weight, classifier.bias, classifier.weight, conv_head.weight) found while loading pretrained weights. This may be expected if model is being adapted.
Warning: You are sending unauthenticated requests to the HF Hub. Please set a HF_TOKEN to enable higher rate limits and faster downloads.
Unexpected keys (bn2.num_batches_tracked, bn2.bias, bn2.running_mean, bn2.running_var, bn2.weight, classifier.bias, classifier.weight, conv_head.weight) found while loading pretrained weights. This may be expected if model is being adapted.
[ WARN:0@4.784] global grfmt_tiff.cpp:123 TIFF_Warning TIFFReadDirectory: Unknown field with tag 50838 (0xc696) encountered
[ WARN:0@4.784] global grfmt_tiff.cpp:123 TIFF_Warning TIFFReadDirectory: Unknown field with tag 50839 (0xc697) encountered
[ WARN:0@5.623] global grfmt_tiff.cpp:123 TIFF_Warning TIFFReadDirectory: Unknown field with tag 50838 (0xc696) encountered
[ WARN:0@5.623] global grfmt_tiff.cpp:123 TIFF_Warning TIFFReadDirectory: Unknown field with tag 50839 (0xc697) encountered
[ WARN:0@6.142] global grfmt_tiff.cpp:123 TIFF_Warning TIFFReadDirectory: Unknown field with tag 50838 (0xc696) encountered
[ WARN:0@6.142] global grfmt_tiff.cpp:123 TIFF_Warning TIFFReadDirectory: Unknown field with tag 50839 (0xc697) encountered
[ WARN:0@6.544] global grfmt_tiff.cpp:123 TIFF_Warning TIFFReadDirectory: Unknown field with tag 50838 (0xc696) encountered
[ WARN:0@6.544] global grfmt_tiff.cpp:123 TIFF_Warning TIFFReadDirectory: Unknown field with tag 50839 (0xc697) encountered
[ WARN:0@7.200] global grfmt_tiff.cpp:123 TIFF_Warning TIFFReadDirectory: Unknown field with tag 50838 (0xc696) encountered
[ WARN:0@7.201] global grfmt_tiff.cpp:123 TIFF_Warning TIFFReadDirectory: Unknown field with tag 50839 (0xc697) encountered
[ WARN:0@7.604] global grfmt_tiff.cpp:123 TIFF_Warning TIFFReadDirectory: Unknown field with tag 50838 (0xc696) encountered
[ WARN:0@7.604] global grfmt_tiff.cpp:123 TIFF_Warning TIFFReadDirectory: Unknown field with tag 50839 (0xc697) encountered
encountered
[ WARN:0@22.888] global grfmt_tiff.cpp:123 TIFF_Warning TIFFReadDirectory: Unknown field with tag 50838 (0xc696) encountered
[ WARN:0@22.888] global grfmt_tiff.cpp:123 TIFF_Warning TIFFReadDirectory: Unknown field with tag 50839 (0xc697) encountered
[ WARN:0@23.493] global grfmt_tiff.cpp:123 TIFF_Warning TIFFReadDirectory: Unknown field with tag 50838 (0xc696) encountered
[ WARN:0@23.493] global grfmt_tiff.cpp:123 TIFF_Warning TIFFReadDirectory: Unknown field with tag 50839 (0xc697) encountered
[ WARN:0@24.910] global grfmt_tiff.cpp:123 TIFF_Warning TIFFReadDirectory: Unknown field with tag 50838 (0xc696) encountered
[ WARN:0@24.910] global grfmt_tiff.cpp:123 TIFF_Warning TIFFReadDirectory: Unknown field with tag 50839 (0xc697) encountered
[ WARN:0@26.617] global grfmt_tiff.cpp:123 TIFF_Warning TIFFReadDirectory: Unknown field with tag 50838 (0xc696) encountered
[ WARN:0@26.617] global grfmt_tiff.cpp:123 TIFF_Warning TIFFReadDirectory: Unknown field with tag 50839 (0xc697) encountered
[ WARN:0@27.259] global grfmt_tiff.cpp:123 TIFF_Warning TIFFReadDirectory: Unknown field with tag 50838 (0xc696) encountered
[ WARN:0@27.259] global grfmt_tiff.cpp:123 TIFF_Warning TIFFReadDirectory: Unknown field with tag 50839 (0xc697) encountered
[ WARN:0@27.917] global grfmt_tiff.cpp:123 TIFF_Warning TIFFReadDirectory: Unknown field with tag 50838 (0xc696) encountered
[ WARN:0@27.917] global grfmt_tiff.cpp:123 TIFF_Warning TIFFReadDirectory: Unknown field with tag 50839 (0xc697) encountered
[ WARN:0@28.351] global grfmt_tiff.cpp:123 TIFF_Warning TIFFReadDirectory: Unknown field with tag 50838 (0xc696) encountered
[ WARN:0@28.351] global grfmt_tiff.cpp:123 TIFF_Warning TIFFReadDirectory: Unknown field with tag 50839 (0xc697) encountered
[ WARN:0@28.790] global grfmt_tiff.cpp:123 TIFF_Warning TIFFReadDirectory: Unknown field with tag 50838 (0xc696) encountered
[ WARN:0@28.790] global grfmt_tiff.cpp:123 TIFF_Warning TIFFReadDirectory: Unknown field with tag 50839 (0xc697) encountered
[ WARN:0@30.174] global grfmt_tiff.cpp:123 TIFF_Warning TIFFReadDirectory: Unknown field with tag 50838 (0xc696) encountered
[ WARN:0@30.174] global grfmt_tiff.cpp:123 TIFF_Warning TIFFReadDirectory: Unknown field with tag 50839 (0xc697) encountered
[ WARN:0@30.649] global grfmt_tiff.cpp:123 TIFF_Warning TIFFReadDirectory: Unknown field with tag 50838 (0xc696) encountered
[ WARN:0@30.649] global grfmt_tiff.cpp:123 TIFF_Warning TIFFReadDirectory: Unknown field with tag 50839 (0xc697) encountered
[ WARN:0@32.151] global grfmt_tiff.cpp:123 TIFF_Warning TIFFReadDirectory: Unknown field with tag 50838 (0xc696) encountered
[ WARN:0@32.151] global grfmt_tiff.cpp:123 TIFF_Warning TIFFReadDirectory: Unknown field with tag 50839 (0xc697) encountered
[ WARN:0@32.549] global grfmt_tiff.cpp:123 TIFF_Warning TIFFReadDirectory: Unknown field with tag 50838 (0xc696) encountered
[ WARN:0@32.549] global grfmt_tiff.cpp:123 TIFF_Warning TIFFReadDirectory: Unknown field with tag 50839 (0xc697) encountered
[ WARN:0@35.223] global grfmt_tiff.cpp:123 TIFF_Warning TIFFReadDirectory: Unknown field with tag 50838 (0xc696) encountered
[ WARN:0@35.223] global grfmt_tiff.cpp:123 TIFF_Warning TIFFReadDirectory: Unknown field with tag 50839 (0xc697) encountered
[ WARN:0@36.314] global grfmt_tiff.cpp:123 TIFF_Warning TIFFReadDirectory: Unknown field with tag 50838 (0xc696) encountered
[ WARN:0@36.314] global grfmt_tiff.cpp:123 TIFF_Warning TIFFReadDirectory: Unknown field with tag 50839 (0xc697) encountered
[ WARN:0@37.426] global grfmt_tiff.cpp:123 TIFF_Warning TIFFReadDirectory: Unknown field with tag 50838 (0xc696) encountered
[ WARN:0@37.426] global grfmt_tiff.cpp:123 TIFF_Warning TIFFReadDirectory: Unknown field with tag 50839 (0xc697) encountered
[ WARN:0@37.850] global grfmt_tiff.cpp:123 TIFF_Warning TIFFReadDirectory: Unknown field with tag 50838 (0xc696) encountered
[ WARN:0@37.850] global grfmt_tiff.cpp:123 TIFF_Warning TIFFReadDirectory: Unknown field with tag 50839 (0xc697) encountered
[ WARN:0@39.064] global grfmt_tiff.cpp:123 TIFF_Warning TIFFReadDirectory: Unknown field with tag 50838 (0xc696) encountered
[ WARN:0@39.064] global grfmt_tiff.cpp:123 TIFF_Warning TIFFReadDirectory: Unknown field with tag 50839 (0xc697) encountered
[ WARN:0@39.523] global grfmt_tiff.cpp:123 TIFF_Warning TIFFReadDirectory: Unknown field with tag 50838 (0xc696) encountered
[ WARN:0@39.523] global grfmt_tiff.cpp:123 TIFF_Warning TIFFReadDirectory: Unknown field with tag 50839 (0xc697) encountered
[ WARN:0@39.905] global grfmt_tiff.cpp:123 TIFF_Warning TIFFReadDirectory: Unknown field with tag 50838 (0xc696) encountered
[ WARN:0@39.905] global grfmt_tiff.cpp:123 TIFF_Warning TIFFReadDirectory: Unknown field with tag 50839 (0xc697) encountered
{
  "n": 32,
  "pa_mae": 3.002195522259135,
  "fl_mae": 15.046042933178397,
  "mt_mae": 3.682695867852342,
  "umud": 0.9939227069196122,
  "combo": 0.9939227069196122,
  "n_est_scale": 0,
  "n_rows": 35,
  "n_mt_ok": 19,
  "n_mt_bad": 13,
  "n_fl_ok": 11,
  "n_fl_bad": 20,
  "mt_ratio_median": 1.02804919760869,
  "fl_ratio_median": 1.1032703695372108,
  "gate2_ok": false
}

per-image ratios (mt_ratio | fl_ratio | pa_err):
  OK im_01_arch.tif: mt=1.03 fl=1.49 pa_err=12.58
  BAD im_02_arch.tif: mt=1.10 fl=1.14 pa_err=0.02
  OK im_03_arch.tif: mt=1.04 fl=0.99 pa_err=0.25
  BAD im_04_arch.tif: mt=1.37 fl=1.66 pa_err=6.27
  BAD im_05_arch.tif: mt=1.26 fl=1.38 pa_err=0.15
  OK im_06_arch.tif: mt=1.03 fl=1.00 pa_err=3.27
  BAD im_07_arch.tif: mt=1.42 fl=1.52 pa_err=4.74
  OK im_08_arch.tif: mt=1.01 fl=1.19 pa_err=4.16
  BAD im_09_arch.tif: mt=1.15 fl=1.31 pa_err=1.21
  OK im_10_arch.tif: mt=1.02 fl=1.14 pa_err=3.78
  BAD im_11_arch.tif: mt=0.87 fl=0.73 pa_err=2.78
  OK im_12_arch.tif: mt=1.09 fl=1.27 pa_err=4.75
  OK im_13_arch.tif: mt=1.03 fl=1.16 pa_err=0.03
  OK im_14_arch.tif: mt=1.02 fl=1.09 pa_err=1.32
  OK im_15_arch.tif: mt=1.05 fl=0.92 pa_err=2.50
  OK im_16_arch.tif: mt=1.00 fl=0.95 pa_err=2.14
  OK im_17_arch.tif: mt=1.02 fl=0.97 pa_err=1.94
  OK im_18_arch.tif: mt=1.03 fl=1.10 pa_err=0.98
  OK im_19_arch.tif: mt=1.02 fl=0.98 pa_err=2.26
  BAD im_20_arch.tif: mt=0.51 fl=0.54 pa_err=1.10
  BAD im_21_arch.tif: mt=0.35 fl=nan pa_err=9.69
  BAD im_22_arch.tif: mt=nan fl=nan pa_err=nan
  BAD im_23_arch.tif: mt=2.25 fl=1.45 pa_err=6.84
  BAD im_24_arch.tif: mt=2.18 fl=1.70 pa_err=3.13
  BAD im_25_arch.tif: mt=nan fl=nan pa_err=nan
  BAD im_26_arch.tif: mt=nan fl=nan pa_err=nan
  OK im_27_arch.tif: mt=1.00 fl=0.90 pa_err=1.38
  OK im_28_arch.tif: mt=1.02 fl=1.20 pa_err=4.15
  OK im_29_arch.tif: mt=0.97 fl=0.85 pa_err=3.03
  OK im_30_arch.tif: mt=1.03 fl=1.09 pa_err=0.40
  BAD im_31_arch.tif: mt=2.24 fl=1.84 pa_err=2.58
  BAD im_32_arch.tif: mt=1.46 fl=1.85 pa_err=4.39
  BAD im_33_arch.tif: mt=0.81 fl=0.84 pa_err=1.19
  OK im_34_arch.tif: mt=1.07 fl=1.01 pa_err=1.01
  OK im_35_arch.tif: mt=1.01 fl=0.90 pa_err=2.06
Wrote experiments/gate2_osf_umud.json
mt_bad=13/32 fl_bad=20/32
GATE2_FAIL
