Scanning data/raw/test_images_v2: 309 images

Wrote experiments/depth_scale_table.csv rows=309 with_scale=207 (67.0%)
count    207.000000
mean       0.070441
std        0.012230
min        0.032761
25%        0.065675
50%        0.066257
75%        0.073838
max        0.119332
sources:
 source
ticks_5mm         108
ocr+ticks_5mm      46
ocr+sector         35
ticks_10mm         12
ocr+ticks_10mm      4
ticks_2.5mm         2
kinds:
 kind
console    250
cropped     59
crop_applied=250/309

DECISION depth_scale_ok=207/309
DEPTH_SCALE_OK — prefer per-image OCR/ticks for submit gate
